// Jest Snapshot v1, https://goo.gl/fbAQLP

exports[`Dashboard renders correctly 1`] = `
<div>
  <div
    className="wrapper"
  >
    <div
      className="sidenav"
    >
      <nav>
        <div
          className="logo"
        >
          <a
            exact={true}
            href="/maintenance/superuser/superuser-dashboard"
          >
            <img
              src="test-file-stub"
            />
          </a>
        </div>
        <a
          href="/maintenance/superuser/superuser-dashboard"
        >
          Dashboard
        </a>
        <a
          href="/maintenance/superuser/project-maintenance"
        >
          Projects
        </a>
        <a
          href="/maintenance/superuser/superuser-help"
        >
          Help
        </a>
        <a
          href="/maintenance/superuser/superuser-alerts"
        >
          Alerts
        </a>
        <a
          href="/maintenance/superuser/school-user-maintenance"
        >
          Students
        </a>
        <a
          href="/maintenance/superuser/superuser-templates"
        >
          Templates
        </a>
        <a
          href="/maintenance/superuser/superuser-settings"
        >
          Settings
        </a>
        <div
          className="news-pane"
        >
          <h3>
            News
          </h3>
        </div>
        <div
          className="btn-row"
        >
          <button
            className="button"
            onClick={[Function]}
          >
            Log Out
          </button>
        </div>
      </nav>
    </div>
  </div>
  <div
    className="dashboard-container"
  >
    <div
      className="content"
    >
      <div
        className="students-pane"
      >
        <div
          className="students-wrapper"
        >
          <h3>
            Students
          </h3>
        </div>
      </div>
      <div
        className="middle-pane"
      >
        <div
          className="projects-widget"
        >
          <h3>
            Projects
          </h3>
        </div>
        <div
          className="node-widget"
        >
          <h3>
            Node
          </h3>
        </div>
      </div>
      <div
        className="help-pane"
      >
        <h3>
          Help
        </h3>
      </div>
    </div>
  </div>
</div>
`;
