// Jest Snapshot v1, https://goo.gl/fbAQLP

exports[`Auth renders correctly 1`] = `
<div
  className="authTable"
>
  <table
    className="tableList"
  >
    <thead>
      <tr>
        <th>
          ID
        </th>
        <th>
          Name
        </th>
        <th>
          Telephone
        </th>
        <th>
          Email
        </th>
        <th>
          Edit
        </th>
        <th>
          Delete
        </th>
      </tr>
    </thead>
  </table>
</div>
`;

exports[`Auth with data renders correctly 1`] = `
<div
  className="authTable"
>
  <table
    className="tableList"
  >
    <thead>
      <tr>
        <th>
          ID
        </th>
        <th>
          Name
        </th>
        <th>
          Telephone
        </th>
        <th>
          Email
        </th>
        <th>
          Edit
        </th>
        <th>
          Delete
        </th>
      </tr>
    </thead>
  </table>
</div>
`;
